****************************************
Report : timing
	-path_type full
	-delay_type min_max
	-max_paths 20
	-justify
Design : s27
Version: E-2010.12
Date   : Mon Mar 21 12:45:44 2022
****************************************


  A True path:

  Startpoint: DFF_0/Q_reg
               (rising edge-triggered flip-flop clocked by CK)
  Endpoint: DFF_1/Q_reg
               (rising edge-triggered flip-flop clocked by CK)
  Path Group: CK
  Path Type: min

  Point                                    Incr       Path
  ---------------------------------------------------------------
  clock CK (rise edge)                     0.00       0.00
  clock network delay (ideal)              0.25       0.25
  DFF_0/Q_reg/CLK (DFFX1)                  0.00       0.25 r
  DFF_0/Q_reg/Q (DFFX1)                    0.19       0.44 r
  DFF_0/Q (dff_0)                          0.00       0.44 r
  U17/QN (NOR3X0)                          0.11       0.55 f
  DFF_1/D (dff_2)                          0.00       0.55 f
  DFF_1/Q_reg/D (DFFX1)                    0.05       0.60 f
  data arrival time                                   0.60

  clock CK (rise edge)                     0.00       0.00
  clock network delay (ideal)              0.25       0.25
  clock uncertainty                        0.20       0.45
  DFF_1/Q_reg/CLK (DFFX1)                             0.45 r
  library hold time                        0.02       0.47
  data required time                                  0.47
  ---------------------------------------------------------------
  data required time                                  0.47
  data arrival time                                  -0.60
  ---------------------------------------------------------------
  slack (MET)                                         0.13


  True-delay Input Vector
  -------------------------------------------
  DFF_0/Q_reg/Q (DFFX1)                r 
  DFF_2/Q_reg/Q (DFFX1)                0 
  G1 (in)                              0 
  G3 (in)                              1 
  -------------------------------------------


  True-delay conclusions:
  ---------------------------------
  1. Reported path is true.
  ---------------------------------

  A True path:

  Startpoint: DFF_2/Q_reg
               (rising edge-triggered flip-flop clocked by CK)
  Endpoint: DFF_2/Q_reg
               (rising edge-triggered flip-flop clocked by CK)
  Path Group: CK
  Path Type: min

  Point                                    Incr       Path
  ---------------------------------------------------------------
  clock CK (rise edge)                     0.00       0.00
  clock network delay (ideal)              0.25       0.25
  DFF_2/Q_reg/CLK (DFFX1)                  0.00       0.25 r
  DFF_2/Q_reg/Q (DFFX1)                    0.21       0.46 f
  DFF_2/Q (dff_1)                          0.00       0.46 f
  U24/QN (NOR2X0)                          0.09       0.56 r
  U23/QN (NOR2X0)                          0.09       0.64 f
  DFF_2/D (dff_1)                          0.00       0.64 f
  DFF_2/Q_reg/D (DFFX1)                    0.04       0.69 f
  data arrival time                                   0.69

  clock CK (rise edge)                     0.00       0.00
  clock network delay (ideal)              0.25       0.25
  clock uncertainty                        0.20       0.45
  DFF_2/Q_reg/CLK (DFFX1)                             0.45 r
  library hold time                        0.02       0.47
  data required time                                  0.47
  ---------------------------------------------------------------
  data required time                                  0.47
  data arrival time                                  -0.69
  ---------------------------------------------------------------
  slack (MET)                                         0.22


  True-delay Input Vector
  -------------------------------------------
  DFF_2/Q_reg/Q (DFFX1)                f 
  G1 (in)                              0 
  G2 (in)                              0 
  -------------------------------------------


  True-delay conclusions:
  ---------------------------------
  1. Reported path is true.
  ---------------------------------

  A True path:

  Startpoint: DFF_0/Q_reg
               (rising edge-triggered flip-flop clocked by CK)
  Endpoint: DFF_0/Q_reg
               (rising edge-triggered flip-flop clocked by CK)
  Path Group: CK
  Path Type: min

  Point                                    Incr       Path
  ---------------------------------------------------------------
  clock CK (rise edge)                     0.00       0.00
  clock network delay (ideal)              0.25       0.25
  DFF_0/Q_reg/CLK (DFFX1)                  0.00       0.25 r
  DFF_0/Q_reg/Q (DFFX1)                    0.21       0.46 f
  DFF_0/Q (dff_0)                          0.00       0.46 f
  U17/QN (NOR3X0)                          0.09       0.55 r
  U19/ZN (INVX0)                           0.36       0.90 f
  U16/Q (AND2X1)                           0.13       1.03 f
  DFF_0/D (dff_0)                          0.00       1.03 f
  DFF_0/Q_reg/D (DFFX1)                    0.04       1.07 f
  data arrival time                                   1.07

  clock CK (rise edge)                     0.00       0.00
  clock network delay (ideal)              0.25       0.25
  clock uncertainty                        0.20       0.45
  DFF_0/Q_reg/CLK (DFFX1)                             0.45 r
  library hold time                        0.02       0.47
  data required time                                  0.47
  ---------------------------------------------------------------
  data required time                                  0.47
  data arrival time                                  -1.07
  ---------------------------------------------------------------
  slack (MET)                                         0.60


  True-delay Input Vector
  -------------------------------------------
  DFF_0/Q_reg/Q (DFFX1)                f 
  DFF_2/Q_reg/Q (DFFX1)                0 
  G0 (in)                              1 
  G1 (in)                              0 
  G3 (in)                              1 
  -------------------------------------------


  True-delay conclusions:
  ---------------------------------
  1. Reported path is true.
  ---------------------------------


  A True path:

  Startpoint: DFF_1/Q_reg
               (rising edge-triggered flip-flop clocked by CK)
  Endpoint: DFF_0/Q_reg
               (rising edge-triggered flip-flop clocked by CK)
  Path Group: CK
  Path Type: max

  Point                                    Incr       Path
  ---------------------------------------------------------------
  clock CK (rise edge)                     0.00       0.00
  clock network delay (ideal)              0.25       0.25
  DFF_1/Q_reg/CLK (DFFX1)                  0.00       0.25 r
  DFF_1/Q_reg/Q (DFFX1)                    0.21       0.46 f
  DFF_1/Q (dff_2)                          0.00       0.46 f
  U22/ZN (INVX0)                           0.08       0.54 r
  U21/QN (NOR2X0)                          0.11       0.66 f
  U20/QN (NOR2X0)                          0.12       0.78 r
  U17/QN (NOR3X0)                          0.17       0.95 f
  U19/ZN (INVX0)                           0.38       1.33 r
  U16/Q (AND2X1)                           0.18       1.51 r
  DFF_0/D (dff_0)                          0.00       1.51 r
  DFF_0/Q_reg/D (DFFX1)                    0.06       1.57 r
  data arrival time                                   1.57

  clock CK (rise edge)                     4.00       4.00
  clock network delay (ideal)              0.25       4.25
  clock uncertainty                       -0.30       3.95
  DFF_0/Q_reg/CLK (DFFX1)                             3.95 r
  library setup time                      -0.05       3.90
  data required time                                  3.90
  ---------------------------------------------------------------
  data required time                                  3.90
  data arrival time                                  -1.57
  ---------------------------------------------------------------
  slack (MET)                                         2.33


  True-delay Input Vector
  -------------------------------------------
  DFF_0/Q_reg/Q (DFFX1)                0 
  DFF_1/Q_reg/Q (DFFX1)                f 
  DFF_2/Q_reg/Q (DFFX1)                0 
  G0 (in)                              1 
  G1 (in)                              0 
  G3 (in)                              0 
  -------------------------------------------


  True-delay conclusions:
  ---------------------------------
  1. Reported path is true.
  ---------------------------------

  A True path:

  Startpoint: DFF_1/Q_reg
               (rising edge-triggered flip-flop clocked by CK)
  Endpoint: DFF_1/Q_reg
               (rising edge-triggered flip-flop clocked by CK)
  Path Group: CK
  Path Type: max

  Point                                    Incr       Path
  ---------------------------------------------------------------
  clock CK (rise edge)                     0.00       0.00
  clock network delay (ideal)              0.25       0.25
  DFF_1/Q_reg/CLK (DFFX1)                  0.00       0.25 r
  DFF_1/Q_reg/Q (DFFX1)                    0.21       0.46 f
  DFF_1/Q (dff_2)                          0.00       0.46 f
  U22/ZN (INVX0)                           0.08       0.54 r
  U21/QN (NOR2X0)                          0.11       0.66 f
  U20/QN (NOR2X0)                          0.12       0.78 r
  U17/QN (NOR3X0)                          0.17       0.95 f
  DFF_1/D (dff_2)                          0.00       0.95 f
  DFF_1/Q_reg/D (DFFX1)                    0.07       1.02 f
  data arrival time                                   1.02

  clock CK (rise edge)                     4.00       4.00
  clock network delay (ideal)              0.25       4.25
  clock uncertainty                       -0.30       3.95
  DFF_1/Q_reg/CLK (DFFX1)                             3.95 r
  library setup time                      -0.02       3.93
  data required time                                  3.93
  ---------------------------------------------------------------
  data required time                                  3.93
  data arrival time                                  -1.02
  ---------------------------------------------------------------
  slack (MET)                                         2.91


  True-delay Input Vector
  -------------------------------------------
  DFF_0/Q_reg/Q (DFFX1)                0 
  DFF_1/Q_reg/Q (DFFX1)                f 
  DFF_2/Q_reg/Q (DFFX1)                0 
  G0 (in)                              0 
  G1 (in)                              0 
  G3 (in)                              0 
  -------------------------------------------


  True-delay conclusions:
  ---------------------------------
  1. Reported path is true.
  ---------------------------------

  A True path:

  Startpoint: DFF_2/Q_reg
               (rising edge-triggered flip-flop clocked by CK)
  Endpoint: DFF_2/Q_reg
               (rising edge-triggered flip-flop clocked by CK)
  Path Group: CK
  Path Type: max

  Point                                    Incr       Path
  ---------------------------------------------------------------
  clock CK (rise edge)                     0.00       0.00
  clock network delay (ideal)              0.25       0.25
  DFF_2/Q_reg/CLK (DFFX1)                  0.00       0.25 r
  DFF_2/Q_reg/Q (DFFX1)                    0.20       0.45 r
  DFF_2/Q (dff_1)                          0.00       0.45 r
  U24/QN (NOR2X0)                          0.11       0.56 f
  U23/QN (NOR2X0)                          0.10       0.66 r
  DFF_2/D (dff_1)                          0.00       0.66 r
  DFF_2/Q_reg/D (DFFX1)                    0.06       0.72 r
  data arrival time                                   0.72

  clock CK (rise edge)                     4.00       4.00
  clock network delay (ideal)              0.25       4.25
  clock uncertainty                       -0.30       3.95
  DFF_2/Q_reg/CLK (DFFX1)                             3.95 r
  library setup time                      -0.07       3.88
  data required time                                  3.88
  ---------------------------------------------------------------
  data required time                                  3.88
  data arrival time                                  -0.72
  ---------------------------------------------------------------
  slack (MET)                                         3.15


  True-delay Input Vector
  -------------------------------------------
  DFF_2/Q_reg/Q (DFFX1)                r 
  G1 (in)                              0 
  G2 (in)                              0 
  -------------------------------------------


  True-delay conclusions:
  ---------------------------------
  1. Reported path is true.
  ---------------------------------

1
